Python 2.7.18
['\t', '\n', '\x0b', '\x0c', '\r', ' ']
