The Glorious Glasgow Haskell Compilation System, version 9.8.1
Characters which Data.Char.toLower maps to ASCII:
İ -> i
K -> k
