Ruby 3.3.6
ASCII whitespace characters for Regexp \s:
0x09 ("\t")
0x0a ("\n")
0x0b ("\v")
0x0c ("\f")
0x0d ("\r")
0x20 (" ")
