Ruby 3.3.6
UTF-8 whitespace characters for Regexp \s:
U+0009 ("\t")
U+000A ("\n")
U+000B ("\v")
U+000C ("\f")
U+000D ("\r")
U+0020 (" ")
