Ruby 3.3.6
ASCII whitespace characters for String#strip:
0x00 ("\x00") is stripped on both sides
0x09 ("\t") is stripped on both sides
0x0a ("\n") is stripped on both sides
0x0b ("\v") is stripped on both sides
0x0c ("\f") is stripped on both sides
0x0d ("\r") is stripped on both sides
0x20 (" ") is stripped on both sides
