Node.js v23.4.0
Characters which String.prototype.toLocaleLowerCase maps to ASCII with locale en-US:
â„ª -> k
