Node.js v23.3.0
Characters which String.prototype.toLowerCase maps to ASCII:
â„ª -> k
